// Jest Snapshot v1, https://goo.gl/fbAQLP

exports[`Test Board component Test rendering Renders correctly 1`] = `
ShallowWrapper {
  Symbol(enzyme.__root__): [Circular],
  Symbol(enzyme.__unrendered__): <Board
    addCardToTable={[Function]}
    cards={
        Array [
            Array [
              Object {
                "alt": 1,
                "code": 1,
                "key": 1,
                "playerId": 0,
                "src": "img",
                "value": 1,
              },
            ],
            Array [
              Object {
                "alt": 2,
                "code": 2,
                "key": 2,
                "playerId": 1,
                "src": "img",
                "value": 2,
              },
            ],
            Array [
              Object {
                "alt": 3,
                "code": 3,
                "key": 3,
                "playerId": 2,
                "src": "img",
                "value": 3,
              },
            ],
          ]
    }
    flushTable={[Function]}
    numPlayers={3}
    score={
        Array [
            0,
            0,
            0,
          ]
    }
    setEndStatus={[Function]}
    setRoundWinner={[Function]}
    table={
        Array [
            Object {},
            Object {},
          ]
    }
/>,
  Symbol(enzyme.__renderer__): Object {
    "batchedUpdates": [Function],
    "getNode": [Function],
    "render": [Function],
    "simulateError": [Function],
    "simulateEvent": [Function],
    "unmount": [Function],
  },
  Symbol(enzyme.__node__): Object {
    "instance": null,
    "key": undefined,
    "nodeType": "host",
    "props": Object {
      "children": Array [
        <div
          className="player player-left"
>
          <p>
                    Score:
                    0
          </p>
          <Connect(Card)
                    alt={2}
                    animationFinished={[Function]}
                    blockClick={true}
                    center={
                              Object {
                                        "centerX": 0,
                                        "centerY": 0,
                                      }
                    }
                    code={2}
                    playRounds={undefined}
                    playerId={1}
                    removeCard={[Function]}
                    src={undefined}
                    value={2}
          />
</div>,
        <div
          className="middle-row"
>
          <div>
                    <div
                              className="top-row"
                    >
                              <p>
                                        Score:
                                        0
                              </p>
                              <Connect(Card)
                                        alt={3}
                                        animationFinished={[Function]}
                                        blockClick={true}
                                        center={
                                                  Object {
                                                            "centerX": 0,
                                                            "centerY": 0,
                                                          }
                                        }
                                        code={3}
                                        playRounds={undefined}
                                        playerId={2}
                                        removeCard={[Function]}
                                        src={undefined}
                                        value={3}
                              />
                    </div>
                    <div
                              className="player table"
                    />
                    <div
                              className="bottom-row"
                    >
                              <p>
                                        Score:
                                        0
                              </p>
                              <Connect(Card)
                                        alt={1}
                                        animationFinished={[Function]}
                                        blockClick={false}
                                        center={
                                                  Object {
                                                            "centerX": 0,
                                                            "centerY": 0,
                                                          }
                                        }
                                        code={1}
                                        playRounds={undefined}
                                        playerId={0}
                                        removeCard={[Function]}
                                        src={undefined}
                                        value={1}
                              />
                    </div>
          </div>
</div>,
        <div
          className="player player-right"
>
          
</div>,
      ],
      "className": "wrapper",
    },
    "ref": null,
    "rendered": Array [
      Object {
        "instance": null,
        "key": undefined,
        "nodeType": "host",
        "props": Object {
          "children": Array [
            <p>
              Score:
              0
</p>,
            Array [
              <Connect(Card)
                alt={2}
                animationFinished={[Function]}
                blockClick={true}
                center={
                                Object {
                                                "centerX": 0,
                                                "centerY": 0,
                                              }
                }
                code={2}
                playRounds={undefined}
                playerId={1}
                removeCard={[Function]}
                src={undefined}
                value={2}
/>,
            ],
          ],
          "className": "player player-left",
        },
        "ref": null,
        "rendered": Array [
          Object {
            "instance": null,
            "key": undefined,
            "nodeType": "host",
            "props": Object {
              "children": Array [
                "Score:",
                0,
              ],
            },
            "ref": null,
            "rendered": Array [
              "Score:",
              0,
            ],
            "type": "p",
          },
          Object {
            "instance": null,
            "key": "2",
            "nodeType": "class",
            "props": Object {
              "alt": 2,
              "animationFinished": [Function],
              "blockClick": true,
              "center": Object {
                "centerX": 0,
                "centerY": 0,
              },
              "code": 2,
              "playRounds": undefined,
              "playerId": 1,
              "removeCard": [Function],
              "src": undefined,
              "value": 2,
            },
            "ref": null,
            "rendered": null,
            "type": [Function],
          },
        ],
        "type": "div",
      },
      Object {
        "instance": null,
        "key": undefined,
        "nodeType": "host",
        "props": Object {
          "children": <div>
            <div
                        className="top-row"
            >
                        <p>
                                    Score:
                                    0
                        </p>
                        <Connect(Card)
                                    alt={3}
                                    animationFinished={[Function]}
                                    blockClick={true}
                                    center={
                                                Object {
                                                            "centerX": 0,
                                                            "centerY": 0,
                                                          }
                                    }
                                    code={3}
                                    playRounds={undefined}
                                    playerId={2}
                                    removeCard={[Function]}
                                    src={undefined}
                                    value={3}
                        />
            </div>
            <div
                        className="player table"
            />
            <div
                        className="bottom-row"
            >
                        <p>
                                    Score:
                                    0
                        </p>
                        <Connect(Card)
                                    alt={1}
                                    animationFinished={[Function]}
                                    blockClick={false}
                                    center={
                                                Object {
                                                            "centerX": 0,
                                                            "centerY": 0,
                                                          }
                                    }
                                    code={1}
                                    playRounds={undefined}
                                    playerId={0}
                                    removeCard={[Function]}
                                    src={undefined}
                                    value={1}
                        />
            </div>
</div>,
          "className": "middle-row",
        },
        "ref": null,
        "rendered": Object {
          "instance": null,
          "key": undefined,
          "nodeType": "host",
          "props": Object {
            "children": Array [
              <div
                className="top-row"
>
                <p>
                                Score:
                                0
                </p>
                <Connect(Card)
                                alt={3}
                                animationFinished={[Function]}
                                blockClick={true}
                                center={
                                                Object {
                                                                "centerX": 0,
                                                                "centerY": 0,
                                                              }
                                }
                                code={3}
                                playRounds={undefined}
                                playerId={2}
                                removeCard={[Function]}
                                src={undefined}
                                value={3}
                />
</div>,
              <div
                className="player table"
/>,
              <div
                className="bottom-row"
>
                <p>
                                Score:
                                0
                </p>
                <Connect(Card)
                                alt={1}
                                animationFinished={[Function]}
                                blockClick={false}
                                center={
                                                Object {
                                                                "centerX": 0,
                                                                "centerY": 0,
                                                              }
                                }
                                code={1}
                                playRounds={undefined}
                                playerId={0}
                                removeCard={[Function]}
                                src={undefined}
                                value={1}
                />
</div>,
            ],
          },
          "ref": null,
          "rendered": Array [
            Object {
              "instance": null,
              "key": undefined,
              "nodeType": "host",
              "props": Object {
                "children": Array [
                  <p>
                    Score:
                    0
</p>,
                  Array [
                    <Connect(Card)
                      alt={3}
                      animationFinished={[Function]}
                      blockClick={true}
                      center={
                                            Object {
                                                                  "centerX": 0,
                                                                  "centerY": 0,
                                                                }
                      }
                      code={3}
                      playRounds={undefined}
                      playerId={2}
                      removeCard={[Function]}
                      src={undefined}
                      value={3}
/>,
                  ],
                ],
                "className": "top-row",
              },
              "ref": null,
              "rendered": Array [
                Object {
                  "instance": null,
                  "key": undefined,
                  "nodeType": "host",
                  "props": Object {
                    "children": Array [
                      "Score:",
                      0,
                    ],
                  },
                  "ref": null,
                  "rendered": Array [
                    "Score:",
                    0,
                  ],
                  "type": "p",
                },
                Object {
                  "instance": null,
                  "key": "3",
                  "nodeType": "class",
                  "props": Object {
                    "alt": 3,
                    "animationFinished": [Function],
                    "blockClick": true,
                    "center": Object {
                      "centerX": 0,
                      "centerY": 0,
                    },
                    "code": 3,
                    "playRounds": undefined,
                    "playerId": 2,
                    "removeCard": [Function],
                    "src": undefined,
                    "value": 3,
                  },
                  "ref": null,
                  "rendered": null,
                  "type": [Function],
                },
              ],
              "type": "div",
            },
            Object {
              "instance": null,
              "key": undefined,
              "nodeType": "host",
              "props": Object {
                "className": "player table",
              },
              "ref": Object {
                "current": null,
              },
              "rendered": null,
              "type": "div",
            },
            Object {
              "instance": null,
              "key": undefined,
              "nodeType": "host",
              "props": Object {
                "children": Array [
                  <p>
                    Score:
                    0
</p>,
                  Array [
                    <Connect(Card)
                      alt={1}
                      animationFinished={[Function]}
                      blockClick={false}
                      center={
                                            Object {
                                                                  "centerX": 0,
                                                                  "centerY": 0,
                                                                }
                      }
                      code={1}
                      playRounds={undefined}
                      playerId={0}
                      removeCard={[Function]}
                      src={undefined}
                      value={1}
/>,
                  ],
                ],
                "className": "bottom-row",
              },
              "ref": null,
              "rendered": Array [
                Object {
                  "instance": null,
                  "key": undefined,
                  "nodeType": "host",
                  "props": Object {
                    "children": Array [
                      "Score:",
                      0,
                    ],
                  },
                  "ref": null,
                  "rendered": Array [
                    "Score:",
                    0,
                  ],
                  "type": "p",
                },
                Object {
                  "instance": null,
                  "key": "1",
                  "nodeType": "class",
                  "props": Object {
                    "alt": 1,
                    "animationFinished": [Function],
                    "blockClick": false,
                    "center": Object {
                      "centerX": 0,
                      "centerY": 0,
                    },
                    "code": 1,
                    "playRounds": undefined,
                    "playerId": 0,
                    "removeCard": [Function],
                    "src": undefined,
                    "value": 1,
                  },
                  "ref": null,
                  "rendered": null,
                  "type": [Function],
                },
              ],
              "type": "div",
            },
          ],
          "type": "div",
        },
        "type": "div",
      },
      Object {
        "instance": null,
        "key": undefined,
        "nodeType": "host",
        "props": Object {
          "children": Array [
            undefined,
            null,
          ],
          "className": "player player-right",
        },
        "ref": null,
        "rendered": Array [
          undefined,
          null,
        ],
        "type": "div",
      },
    ],
    "type": "div",
  },
  Symbol(enzyme.__nodes__): Array [
    Object {
      "instance": null,
      "key": undefined,
      "nodeType": "host",
      "props": Object {
        "children": Array [
          <div
            className="player player-left"
>
            <p>
                        Score:
                        0
            </p>
            <Connect(Card)
                        alt={2}
                        animationFinished={[Function]}
                        blockClick={true}
                        center={
                                    Object {
                                                "centerX": 0,
                                                "centerY": 0,
                                              }
                        }
                        code={2}
                        playRounds={undefined}
                        playerId={1}
                        removeCard={[Function]}
                        src={undefined}
                        value={2}
            />
</div>,
          <div
            className="middle-row"
>
            <div>
                        <div
                                    className="top-row"
                        >
                                    <p>
                                                Score:
                                                0
                                    </p>
                                    <Connect(Card)
                                                alt={3}
                                                animationFinished={[Function]}
                                                blockClick={true}
                                                center={
                                                            Object {
                                                                        "centerX": 0,
                                                                        "centerY": 0,
                                                                      }
                                                }
                                                code={3}
                                                playRounds={undefined}
                                                playerId={2}
                                                removeCard={[Function]}
                                                src={undefined}
                                                value={3}
                                    />
                        </div>
                        <div
                                    className="player table"
                        />
                        <div
                                    className="bottom-row"
                        >
                                    <p>
                                                Score:
                                                0
                                    </p>
                                    <Connect(Card)
                                                alt={1}
                                                animationFinished={[Function]}
                                                blockClick={false}
                                                center={
                                                            Object {
                                                                        "centerX": 0,
                                                                        "centerY": 0,
                                                                      }
                                                }
                                                code={1}
                                                playRounds={undefined}
                                                playerId={0}
                                                removeCard={[Function]}
                                                src={undefined}
                                                value={1}
                                    />
                        </div>
            </div>
</div>,
          <div
            className="player player-right"
>
            
</div>,
        ],
        "className": "wrapper",
      },
      "ref": null,
      "rendered": Array [
        Object {
          "instance": null,
          "key": undefined,
          "nodeType": "host",
          "props": Object {
            "children": Array [
              <p>
                Score:
                0
</p>,
              Array [
                <Connect(Card)
                  alt={2}
                  animationFinished={[Function]}
                  blockClick={true}
                  center={
                                    Object {
                                                      "centerX": 0,
                                                      "centerY": 0,
                                                    }
                  }
                  code={2}
                  playRounds={undefined}
                  playerId={1}
                  removeCard={[Function]}
                  src={undefined}
                  value={2}
/>,
              ],
            ],
            "className": "player player-left",
          },
          "ref": null,
          "rendered": Array [
            Object {
              "instance": null,
              "key": undefined,
              "nodeType": "host",
              "props": Object {
                "children": Array [
                  "Score:",
                  0,
                ],
              },
              "ref": null,
              "rendered": Array [
                "Score:",
                0,
              ],
              "type": "p",
            },
            Object {
              "instance": null,
              "key": "2",
              "nodeType": "class",
              "props": Object {
                "alt": 2,
                "animationFinished": [Function],
                "blockClick": true,
                "center": Object {
                  "centerX": 0,
                  "centerY": 0,
                },
                "code": 2,
                "playRounds": undefined,
                "playerId": 1,
                "removeCard": [Function],
                "src": undefined,
                "value": 2,
              },
              "ref": null,
              "rendered": null,
              "type": [Function],
            },
          ],
          "type": "div",
        },
        Object {
          "instance": null,
          "key": undefined,
          "nodeType": "host",
          "props": Object {
            "children": <div>
              <div
                            className="top-row"
              >
                            <p>
                                          Score:
                                          0
                            </p>
                            <Connect(Card)
                                          alt={3}
                                          animationFinished={[Function]}
                                          blockClick={true}
                                          center={
                                                        Object {
                                                                      "centerX": 0,
                                                                      "centerY": 0,
                                                                    }
                                          }
                                          code={3}
                                          playRounds={undefined}
                                          playerId={2}
                                          removeCard={[Function]}
                                          src={undefined}
                                          value={3}
                            />
              </div>
              <div
                            className="player table"
              />
              <div
                            className="bottom-row"
              >
                            <p>
                                          Score:
                                          0
                            </p>
                            <Connect(Card)
                                          alt={1}
                                          animationFinished={[Function]}
                                          blockClick={false}
                                          center={
                                                        Object {
                                                                      "centerX": 0,
                                                                      "centerY": 0,
                                                                    }
                                          }
                                          code={1}
                                          playRounds={undefined}
                                          playerId={0}
                                          removeCard={[Function]}
                                          src={undefined}
                                          value={1}
                            />
              </div>
</div>,
            "className": "middle-row",
          },
          "ref": null,
          "rendered": Object {
            "instance": null,
            "key": undefined,
            "nodeType": "host",
            "props": Object {
              "children": Array [
                <div
                  className="top-row"
>
                  <p>
                                    Score:
                                    0
                  </p>
                  <Connect(Card)
                                    alt={3}
                                    animationFinished={[Function]}
                                    blockClick={true}
                                    center={
                                                      Object {
                                                                        "centerX": 0,
                                                                        "centerY": 0,
                                                                      }
                                    }
                                    code={3}
                                    playRounds={undefined}
                                    playerId={2}
                                    removeCard={[Function]}
                                    src={undefined}
                                    value={3}
                  />
</div>,
                <div
                  className="player table"
/>,
                <div
                  className="bottom-row"
>
                  <p>
                                    Score:
                                    0
                  </p>
                  <Connect(Card)
                                    alt={1}
                                    animationFinished={[Function]}
                                    blockClick={false}
                                    center={
                                                      Object {
                                                                        "centerX": 0,
                                                                        "centerY": 0,
                                                                      }
                                    }
                                    code={1}
                                    playRounds={undefined}
                                    playerId={0}
                                    removeCard={[Function]}
                                    src={undefined}
                                    value={1}
                  />
</div>,
              ],
            },
            "ref": null,
            "rendered": Array [
              Object {
                "instance": null,
                "key": undefined,
                "nodeType": "host",
                "props": Object {
                  "children": Array [
                    <p>
                      Score:
                      0
</p>,
                    Array [
                      <Connect(Card)
                        alt={3}
                        animationFinished={[Function]}
                        blockClick={true}
                        center={
                                                Object {
                                                                        "centerX": 0,
                                                                        "centerY": 0,
                                                                      }
                        }
                        code={3}
                        playRounds={undefined}
                        playerId={2}
                        removeCard={[Function]}
                        src={undefined}
                        value={3}
/>,
                    ],
                  ],
                  "className": "top-row",
                },
                "ref": null,
                "rendered": Array [
                  Object {
                    "instance": null,
                    "key": undefined,
                    "nodeType": "host",
                    "props": Object {
                      "children": Array [
                        "Score:",
                        0,
                      ],
                    },
                    "ref": null,
                    "rendered": Array [
                      "Score:",
                      0,
                    ],
                    "type": "p",
                  },
                  Object {
                    "instance": null,
                    "key": "3",
                    "nodeType": "class",
                    "props": Object {
                      "alt": 3,
                      "animationFinished": [Function],
                      "blockClick": true,
                      "center": Object {
                        "centerX": 0,
                        "centerY": 0,
                      },
                      "code": 3,
                      "playRounds": undefined,
                      "playerId": 2,
                      "removeCard": [Function],
                      "src": undefined,
                      "value": 3,
                    },
                    "ref": null,
                    "rendered": null,
                    "type": [Function],
                  },
                ],
                "type": "div",
              },
              Object {
                "instance": null,
                "key": undefined,
                "nodeType": "host",
                "props": Object {
                  "className": "player table",
                },
                "ref": Object {
                  "current": null,
                },
                "rendered": null,
                "type": "div",
              },
              Object {
                "instance": null,
                "key": undefined,
                "nodeType": "host",
                "props": Object {
                  "children": Array [
                    <p>
                      Score:
                      0
</p>,
                    Array [
                      <Connect(Card)
                        alt={1}
                        animationFinished={[Function]}
                        blockClick={false}
                        center={
                                                Object {
                                                                        "centerX": 0,
                                                                        "centerY": 0,
                                                                      }
                        }
                        code={1}
                        playRounds={undefined}
                        playerId={0}
                        removeCard={[Function]}
                        src={undefined}
                        value={1}
/>,
                    ],
                  ],
                  "className": "bottom-row",
                },
                "ref": null,
                "rendered": Array [
                  Object {
                    "instance": null,
                    "key": undefined,
                    "nodeType": "host",
                    "props": Object {
                      "children": Array [
                        "Score:",
                        0,
                      ],
                    },
                    "ref": null,
                    "rendered": Array [
                      "Score:",
                      0,
                    ],
                    "type": "p",
                  },
                  Object {
                    "instance": null,
                    "key": "1",
                    "nodeType": "class",
                    "props": Object {
                      "alt": 1,
                      "animationFinished": [Function],
                      "blockClick": false,
                      "center": Object {
                        "centerX": 0,
                        "centerY": 0,
                      },
                      "code": 1,
                      "playRounds": undefined,
                      "playerId": 0,
                      "removeCard": [Function],
                      "src": undefined,
                      "value": 1,
                    },
                    "ref": null,
                    "rendered": null,
                    "type": [Function],
                  },
                ],
                "type": "div",
              },
            ],
            "type": "div",
          },
          "type": "div",
        },
        Object {
          "instance": null,
          "key": undefined,
          "nodeType": "host",
          "props": Object {
            "children": Array [
              undefined,
              null,
            ],
            "className": "player player-right",
          },
          "ref": null,
          "rendered": Array [
            undefined,
            null,
          ],
          "type": "div",
        },
      ],
      "type": "div",
    },
  ],
  Symbol(enzyme.__options__): Object {
    "adapter": ReactSixteenAdapter {
      "options": Object {
        "enableComponentDidUpdateOnSetState": true,
        "lifecycles": Object {
          "componentDidUpdate": Object {
            "onSetState": true,
          },
          "getDerivedStateFromProps": true,
          "getSnapshotBeforeUpdate": true,
          "setState": Object {
            "skipsComponentDidUpdateOnNullish": true,
          },
        },
      },
    },
    "attachTo": undefined,
    "hydrateIn": undefined,
  },
}
`;
