// Jest Snapshot v1, https://goo.gl/fbAQLP

exports[`Test Welcome renders correctly 1`] = `
ShallowWrapper {
  Symbol(enzyme.__root__): [Circular],
  Symbol(enzyme.__unrendered__): <Unknown
    startGame={[Function]}
/>,
  Symbol(enzyme.__renderer__): Object {
    "batchedUpdates": [Function],
    "getNode": [Function],
    "render": [Function],
    "simulateError": [Function],
    "simulateEvent": [Function],
    "unmount": [Function],
  },
  Symbol(enzyme.__node__): Object {
    "instance": null,
    "key": undefined,
    "nodeType": "host",
    "props": Object {
      "children": Array [
        <h1
          className="welcome-message"
>
          Hello! Please choose number of players
</h1>,
        <button
          id="btn1"
          onClick={[Function]}
          type="button"
>
          Two Players
</button>,
        <button
          id="btn2"
          onClick={[Function]}
          type="button"
>
          Three Players
</button>,
        <button
          id="btn3"
          onClick={[Function]}
          type="button"
>
          Four Players
</button>,
      ],
      "className": "welcome-container",
    },
    "ref": null,
    "rendered": Array [
      Object {
        "instance": null,
        "key": undefined,
        "nodeType": "host",
        "props": Object {
          "children": "Hello! Please choose number of players",
          "className": "welcome-message",
        },
        "ref": null,
        "rendered": "Hello! Please choose number of players",
        "type": "h1",
      },
      Object {
        "instance": null,
        "key": undefined,
        "nodeType": "host",
        "props": Object {
          "children": "Two Players",
          "id": "btn1",
          "onClick": [Function],
          "type": "button",
        },
        "ref": null,
        "rendered": "Two Players",
        "type": "button",
      },
      Object {
        "instance": null,
        "key": undefined,
        "nodeType": "host",
        "props": Object {
          "children": "Three Players",
          "id": "btn2",
          "onClick": [Function],
          "type": "button",
        },
        "ref": null,
        "rendered": "Three Players",
        "type": "button",
      },
      Object {
        "instance": null,
        "key": undefined,
        "nodeType": "host",
        "props": Object {
          "children": "Four Players",
          "id": "btn3",
          "onClick": [Function],
          "type": "button",
        },
        "ref": null,
        "rendered": "Four Players",
        "type": "button",
      },
    ],
    "type": "div",
  },
  Symbol(enzyme.__nodes__): Array [
    Object {
      "instance": null,
      "key": undefined,
      "nodeType": "host",
      "props": Object {
        "children": Array [
          <h1
            className="welcome-message"
>
            Hello! Please choose number of players
</h1>,
          <button
            id="btn1"
            onClick={[Function]}
            type="button"
>
            Two Players
</button>,
          <button
            id="btn2"
            onClick={[Function]}
            type="button"
>
            Three Players
</button>,
          <button
            id="btn3"
            onClick={[Function]}
            type="button"
>
            Four Players
</button>,
        ],
        "className": "welcome-container",
      },
      "ref": null,
      "rendered": Array [
        Object {
          "instance": null,
          "key": undefined,
          "nodeType": "host",
          "props": Object {
            "children": "Hello! Please choose number of players",
            "className": "welcome-message",
          },
          "ref": null,
          "rendered": "Hello! Please choose number of players",
          "type": "h1",
        },
        Object {
          "instance": null,
          "key": undefined,
          "nodeType": "host",
          "props": Object {
            "children": "Two Players",
            "id": "btn1",
            "onClick": [Function],
            "type": "button",
          },
          "ref": null,
          "rendered": "Two Players",
          "type": "button",
        },
        Object {
          "instance": null,
          "key": undefined,
          "nodeType": "host",
          "props": Object {
            "children": "Three Players",
            "id": "btn2",
            "onClick": [Function],
            "type": "button",
          },
          "ref": null,
          "rendered": "Three Players",
          "type": "button",
        },
        Object {
          "instance": null,
          "key": undefined,
          "nodeType": "host",
          "props": Object {
            "children": "Four Players",
            "id": "btn3",
            "onClick": [Function],
            "type": "button",
          },
          "ref": null,
          "rendered": "Four Players",
          "type": "button",
        },
      ],
      "type": "div",
    },
  ],
  Symbol(enzyme.__options__): Object {
    "adapter": ReactSixteenAdapter {
      "options": Object {
        "enableComponentDidUpdateOnSetState": true,
        "lifecycles": Object {
          "componentDidUpdate": Object {
            "onSetState": true,
          },
          "getDerivedStateFromProps": true,
          "getSnapshotBeforeUpdate": true,
          "setState": Object {
            "skipsComponentDidUpdateOnNullish": true,
          },
        },
      },
    },
    "attachTo": undefined,
    "hydrateIn": undefined,
  },
}
`;
